[01:00:45] [INIT] KubeJS 2001.6.5-build.16; MC 2001 forge
[01:00:45] [INIT] Loaded plugins:
[01:00:45] [INIT] - dev.latvian.mods.kubejs.forge.BuiltinKubeJSForgePlugin
[01:00:45] [INIT] - thedarkcolour.exdeorum.compat.kubejs.ExDeorumKubeJsPlugin
[01:00:45] [INIT] - com.almostreliable.kubeio.kube.KubePlugin
[01:00:45] [INIT] - dev.ftb.mods.ftbxmodcompat.ftbquests.kubejs.KubeJSIntegration
[01:00:45] [INIT] - dev.ftb.mods.ftbxmodcompat.ftbchunks.kubejs.FTBChunksKubeJSPlugin
[01:00:45] [INIT] - dev.ftb.mods.ftbxmodcompat.ftbteams.kubejs.FTBTeamsKubeJSPlugin
[01:00:45] [INIT] - com.blakebr0.cucumber.compat.kubejs.CucumberKubeJSPlugin
[01:00:45] [INIT] - com.almostreliable.summoningrituals.compat.kubejs.AlmostKube
[01:00:45] [INIT] - com.almostreliable.ponderjs.KubePlugin
[01:00:46] [INFO] Loaded script server_scripts:postUnify/_before.js in 0.005 s
[01:00:46] [INFO] Loaded script server_scripts:postUnify/dust.js in 0.005 s
[01:00:46] [INFO] Loaded script server_scripts:postUnify/wires.js in 0.004 s
[01:00:46] [INFO] Loaded script server_scripts:postUnify/storage_blocks.js in 0.004 s
[01:00:46] [INFO] Loaded script server_scripts:postUnify/ingots.js in 0.005 s
[01:00:46] [INFO] Loaded script server_scripts:postUnify/nuggets.js in 0.002 s
[01:00:46] [INFO] Loaded script server_scripts:postUnify/raw_materials.js in 0.003 s
[01:00:46] [INFO] Loaded script server_scripts:postUnify/plates.js in 0.005 s
[01:00:46] [INFO] Loaded script server_scripts:postUnify/rods.js in 0.004 s
[01:00:46] [INFO] Loaded script server_scripts:postUnify/gears.js in 0.004 s
[01:00:46] [INFO] Loaded script server_scripts:mods/dank/recipes.js in 0.001 s
[01:00:46] [INFO] Loaded script server_scripts:mods/oreberry/oreberry.js in 0.002 s
[01:00:46] [INFO] Loaded script server_scripts:mods/alchemistry/recipes.js in 0.003 s
[01:00:46] [INFO] Loaded script server_scripts:mods/mob_grinding_utils/recipes.js in 0.001 s
[01:00:46] [INFO] Loaded script server_scripts:mods/create/create.js in 0.003 s
[01:00:46] [INFO] Loaded script server_scripts:mods/reliquary/reliquary.js in 0.0 s
[01:00:46] [INFO] Loaded script server_scripts:mods/misc/recipes.js in 0.002 s
[01:00:46] [INFO] Loaded script server_scripts:mods/biggerreactors/recipes.js in 0.001 s
[01:00:46] [INFO] Loaded script server_scripts:mods/functionalstorage/recipes.js in 0.0 s
[01:00:46] [INFO] Loaded script server_scripts:mods/projecte/projecte.js in 0.001 s
[01:00:46] [INFO] mods/mysticalagriculture/crops.js#4: Loaded Java class 'com.blakebr0.mysticalagriculture.registry.CropRegistry'
[01:00:46] [INFO] Loaded script server_scripts:mods/mysticalagriculture/crops.js in 0.008 s
[01:00:46] [INFO] Loaded script server_scripts:mods/mysticalagriculture/recipes.js in 0.004 s
[01:00:46] [INFO] mods/ae/recipes.js#4: Loaded Java class 'net.minecraft.world.item.DyeColor'
[01:00:46] [INFO] Loaded script server_scripts:mods/ae/recipes.js in 0.002 s
[01:00:46] [INFO] Loaded script server_scripts:mods/atm/creative.js in 0.002 s
[01:00:46] [INFO] Loaded script server_scripts:mods/mekanism/mekanism.js in 0.001 s
[01:00:46] [INFO] mods/flux/dust.js#4: Loaded Java class 'net.minecraft.sounds.SoundEvents'
[01:00:46] [INFO] mods/flux/dust.js#5: Loaded Java class 'net.minecraft.sounds.SoundSource'
[01:00:46] [INFO] mods/flux/dust.js#6: Loaded Java class 'net.minecraft.core.particles.ParticleTypes'
[01:00:46] [INFO] Loaded script server_scripts:mods/flux/dust.js in 0.005 s
[01:00:46] [INFO] Loaded script server_scripts:mods/cobblefordays/cobblegen.js in 0.001 s
[01:00:46] [INFO] Loaded script server_scripts:mods/industrial_foregoing/recipes.js in 0.002 s
[01:00:46] [INFO] Loaded script server_scripts:mods/exdeorum/exdeorum.js in 0.005 s
[01:00:46] [INFO] Loaded script server_scripts:mods/exdeorum/sieveremovals.js in 0.001 s
[01:00:46] [INFO] Loaded script server_scripts:mods/exdeorum/pebbles.js in 0.0 s
[01:00:46] [INFO] mods/enderio/soul_vial.js#4: Loaded Java class 'net.minecraftforge.registries.ForgeRegistries'
[01:00:46] [INFO] mods/enderio/soul_vial.js#5: Loaded Java class 'net.minecraft.world.entity.ai.attributes.DefaultAttributes'
[01:00:46] [INFO] mods/enderio/soul_vial.js#6: Loaded Java class 'net.minecraftforge.common.Tags'
[01:00:46] [INFO] mods/enderio/soul_vial.js#7: Loaded Java class 'com.enderio.base.common.tag.EIOTags'
[01:00:46] [INFO] Loaded script server_scripts:mods/enderio/soul_vial.js in 0.002 s
[01:00:46] [INFO] Loaded script server_scripts:mods/thermal/rock_gen.js in 0.0 s
[01:00:46] [INFO] Loaded script server_scripts:mods/thermal/recipes.js in 0.001 s
[01:00:46] [INFO] mods/farmingforblockheads/market.js#60: Loaded Java class 'net.blay09.mods.farmingforblockheads.api.FarmingForBlockheadsAPI'
[01:00:46] [INFO] Loaded script server_scripts:mods/farmingforblockheads/market.js in 0.002 s
[01:00:46] [INFO] Loaded script server_scripts:mods/corail_tombstone/Nuke_Eggs.js in 0.001 s
[01:00:46] [INFO] Loaded script server_scripts:mods/minecraft/recipes.js in 0.0 s
[01:00:46] [INFO] Loaded script server_scripts:mods/advanced_ae/recipes.js in 0.002 s
[01:00:46] [INFO] Loaded script server_scripts:mods/AppliedE/AppliedE.js in 0.0 s
[01:00:46] [INFO] Loaded script server_scripts:mods/xycraft/rock_gen_kivi.js in 0.0 s
[01:00:46] [INFO] Loaded script server_scripts:mods/hostileneuralnetworks/hnn.js in 0.0 s
[01:00:46] [INFO] Loaded script server_scripts:disable.js in 0.001 s
[01:00:46] [INFO] Loaded script server_scripts:tags.js in 0.003 s
[01:00:46] [INFO] Loaded script server_scripts:summoning/summoning.js in 0.001 s
[01:00:46] [INFO] Loaded script server_scripts:modpack/atm_metals.js in 0.001 s
[01:00:46] [INFO] Loaded script server_scripts:modpack/atm_templates.js in 0.001 s
[01:00:46] [INFO] Loaded script server_scripts:modpack/atm_star_shards.js in 0.001 s
[01:00:46] [INFO] Loaded script server_scripts:modpack/atm_star_creative.js in 0.002 s
[01:00:46] [INFO] Loaded script server_scripts:modpack/patrick_star.js in 0.001 s
[01:00:46] [INFO] Loaded script server_scripts:modpack/atm_shard.js in 0.0 s
[01:00:46] [INFO] Loaded 50/50 KubeJS server scripts in 0.131 s with 0 errors and 0 warnings
[01:00:46] [INFO] Scripts loaded
[01:00:46] [INFO] Initializing recipe event...
[01:00:48] [INFO] [minecraft:fluid] Found 83 tags, added 3 objects, removed 4 objects
[01:00:48] [INFO] [minecraft:worldgen/biome] Found 219 tags, added 8 objects, removed 0 objects
[01:00:48] [INFO] [minecraft:entity_type] Found 140 tags, added 58 objects, removed 0 objects
[01:00:49] [INFO] [minecraft:item] Found 4320 tags, added 58 objects, removed 1 objects
[01:00:49] [INFO] [minecraft:block] Found 1877 tags, added 714 objects, removed 0 objects
[01:00:53] [INFO] Processing recipes...
[01:00:54] [INFO] Found 42743 recipes in 505.1 ms
[01:00:57] [INFO] Posted recipe events in 3.386 s
[01:00:57] [WARN] Error parsing recipe thermal:furnace/allthecompressed/stone/deepslate/9x[thermal:furnace]: {"type":"thermal:furnace","ingredient":{"item":"allthecompressed:cobbled_deepslate_block_9x","count":1},"result":{"item":"allthecompressed:deepslate_block_9x"},"energy":2400000,"conditions":[{"type":"forge:and","values":[{"type":"forge:not","value":{"type":"forge:mod_loaded","modid":"compressium"}},{"type":"forge:mod_loaded","modid":"thermal"}]}]}: Invalid Thermal Series recipe: thermal:furnace/allthecompressed/stone/deepslate/9x
Refer to the recipe's ResourceLocation to find the mod responsible and let them know!
[01:00:57] [WARN] Error parsing recipe thermal:furnace/allthecompressed/stone/deepslate/1x[thermal:furnace]: {"type":"thermal:furnace","ingredient":{"item":"allthecompressed:cobbled_deepslate_block_1x","count":1},"result":{"item":"allthecompressed:deepslate_block_1x"},"energy":240000,"conditions":[{"type":"forge:and","values":[{"type":"forge:not","value":{"type":"forge:mod_loaded","modid":"compressium"}},{"type":"forge:mod_loaded","modid":"thermal"}]}]}: Invalid Thermal Series recipe: thermal:furnace/allthecompressed/stone/deepslate/1x
Refer to the recipe's ResourceLocation to find the mod responsible and let them know!
[01:00:57] [WARN] Error parsing recipe thermal:furnace/allthecompressed/stone/deepslate/2x[thermal:furnace]: {"type":"thermal:furnace","ingredient":{"item":"allthecompressed:cobbled_deepslate_block_2x","count":1},"result":{"item":"allthecompressed:deepslate_block_2x"},"energy":480000,"conditions":[{"type":"forge:and","values":[{"type":"forge:not","value":{"type":"forge:mod_loaded","modid":"compressium"}},{"type":"forge:mod_loaded","modid":"thermal"}]}]}: Invalid Thermal Series recipe: thermal:furnace/allthecompressed/stone/deepslate/2x
Refer to the recipe's ResourceLocation to find the mod responsible and let them know!
[01:00:57] [WARN] Error parsing recipe thermal:furnace/allthecompressed/stone/deepslate/3x[thermal:furnace]: {"type":"thermal:furnace","ingredient":{"item":"allthecompressed:cobbled_deepslate_block_3x","count":1},"result":{"item":"allthecompressed:deepslate_block_3x"},"energy":720000,"conditions":[{"type":"forge:and","values":[{"type":"forge:not","value":{"type":"forge:mod_loaded","modid":"compressium"}},{"type":"forge:mod_loaded","modid":"thermal"}]}]}: Invalid Thermal Series recipe: thermal:furnace/allthecompressed/stone/deepslate/3x
Refer to the recipe's ResourceLocation to find the mod responsible and let them know!
[01:00:57] [WARN] Error parsing recipe thermal:furnace/allthecompressed/stone/deepslate/5x[thermal:furnace]: {"type":"thermal:furnace","ingredient":{"item":"allthecompressed:cobbled_deepslate_block_5x","count":1},"result":{"item":"allthecompressed:deepslate_block_5x"},"energy":1200000,"conditions":[{"type":"forge:and","values":[{"type":"forge:not","value":{"type":"forge:mod_loaded","modid":"compressium"}},{"type":"forge:mod_loaded","modid":"thermal"}]}]}: Invalid Thermal Series recipe: thermal:furnace/allthecompressed/stone/deepslate/5x
Refer to the recipe's ResourceLocation to find the mod responsible and let them know!
[01:00:57] [WARN] Error parsing recipe thermal:furnace/allthecompressed/stone/deepslate/4x[thermal:furnace]: {"type":"thermal:furnace","ingredient":{"item":"allthecompressed:cobbled_deepslate_block_4x","count":1},"result":{"item":"allthecompressed:deepslate_block_4x"},"energy":960000,"conditions":[{"type":"forge:and","values":[{"type":"forge:not","value":{"type":"forge:mod_loaded","modid":"compressium"}},{"type":"forge:mod_loaded","modid":"thermal"}]}]}: Invalid Thermal Series recipe: thermal:furnace/allthecompressed/stone/deepslate/4x
Refer to the recipe's ResourceLocation to find the mod responsible and let them know!
[01:00:58] [WARN] Error parsing recipe thermal:furnace/allthecompressed/stone/deepslate/6x[thermal:furnace]: {"type":"thermal:furnace","ingredient":{"item":"allthecompressed:cobbled_deepslate_block_6x","count":1},"result":{"item":"allthecompressed:deepslate_block_6x"},"energy":1440000,"conditions":[{"type":"forge:and","values":[{"type":"forge:not","value":{"type":"forge:mod_loaded","modid":"compressium"}},{"type":"forge:mod_loaded","modid":"thermal"}]}]}: Invalid Thermal Series recipe: thermal:furnace/allthecompressed/stone/deepslate/6x
Refer to the recipe's ResourceLocation to find the mod responsible and let them know!
[01:00:58] [WARN] Error parsing recipe thermal:furnace/allthecompressed/stone/deepslate/7x[thermal:furnace]: {"type":"thermal:furnace","ingredient":{"item":"allthecompressed:cobbled_deepslate_block_7x","count":1},"result":{"item":"allthecompressed:deepslate_block_7x"},"energy":1680000,"conditions":[{"type":"forge:and","values":[{"type":"forge:not","value":{"type":"forge:mod_loaded","modid":"compressium"}},{"type":"forge:mod_loaded","modid":"thermal"}]}]}: Invalid Thermal Series recipe: thermal:furnace/allthecompressed/stone/deepslate/7x
Refer to the recipe's ResourceLocation to find the mod responsible and let them know!
[01:00:58] [WARN] Error parsing recipe thermal:furnace/allthecompressed/stone/deepslate/8x[thermal:furnace]: {"type":"thermal:furnace","ingredient":{"item":"allthecompressed:cobbled_deepslate_block_8x","count":1},"result":{"item":"allthecompressed:deepslate_block_8x"},"energy":2160000,"conditions":[{"type":"forge:and","values":[{"type":"forge:not","value":{"type":"forge:mod_loaded","modid":"compressium"}},{"type":"forge:mod_loaded","modid":"thermal"}]}]}: Invalid Thermal Series recipe: thermal:furnace/allthecompressed/stone/deepslate/8x
Refer to the recipe's ResourceLocation to find the mod responsible and let them know!
[01:00:58] [WARN] Error parsing recipe thermal:furnace/allthecompressed/terracotta/1x[thermal:furnace]: {"type":"thermal:furnace","ingredient":{"item":"allthecompressed:clay_block_1x","count":1},"result":{"item":"allthecompressed:terracotta_block_1x"},"energy":240000,"conditions":[{"type":"forge:and","values":[{"type":"forge:not","value":{"type":"forge:mod_loaded","modid":"compressium"}},{"type":"forge:mod_loaded","modid":"thermal"}]}]}: Invalid Thermal Series recipe: thermal:furnace/allthecompressed/terracotta/1x
Refer to the recipe's ResourceLocation to find the mod responsible and let them know!
[01:00:58] [WARN] Error parsing recipe thermal:furnace/allthecompressed/terracotta/2x[thermal:furnace]: {"type":"thermal:furnace","ingredient":{"item":"allthecompressed:clay_block_2x","count":1},"result":{"item":"allthecompressed:terracotta_block_2x"},"energy":480000,"conditions":[{"type":"forge:and","values":[{"type":"forge:not","value":{"type":"forge:mod_loaded","modid":"compressium"}},{"type":"forge:mod_loaded","modid":"thermal"}]}]}: Invalid Thermal Series recipe: thermal:furnace/allthecompressed/terracotta/2x
Refer to the recipe's ResourceLocation to find the mod responsible and let them know!
[01:00:58] [WARN] Error parsing recipe thermal:furnace/allthecompressed/terracotta/5x[thermal:furnace]: {"type":"thermal:furnace","ingredient":{"item":"allthecompressed:clay_block_5x","count":1},"result":{"item":"allthecompressed:terracotta_block_5x"},"energy":1200000,"conditions":[{"type":"forge:and","values":[{"type":"forge:not","value":{"type":"forge:mod_loaded","modid":"compressium"}},{"type":"forge:mod_loaded","modid":"thermal"}]}]}: Invalid Thermal Series recipe: thermal:furnace/allthecompressed/terracotta/5x
Refer to the recipe's ResourceLocation to find the mod responsible and let them know!
[01:00:58] [WARN] Error parsing recipe occultism:miner/ores/apatite[occultism:miner]: {"type":"occultism:miner","ingredient":{"tag":"occultism:miners/ores"},"result":{"item":"gtceu:apatite_ore"},"weight":400,"conditions":[{"type":"forge:not","value":{"type":"forge:tag_empty","tag":"forge:ores/apatite"}}]}: Unknown item 'gtceu:apatite_ore'
[01:00:58] [WARN] Error parsing recipe thermal:furnace/allthecompressed/terracotta/6x[thermal:furnace]: {"type":"thermal:furnace","ingredient":{"item":"allthecompressed:clay_block_6x","count":1},"result":{"item":"allthecompressed:terracotta_block_6x"},"energy":1440000,"conditions":[{"type":"forge:and","values":[{"type":"forge:not","value":{"type":"forge:mod_loaded","modid":"compressium"}},{"type":"forge:mod_loaded","modid":"thermal"}]}]}: Invalid Thermal Series recipe: thermal:furnace/allthecompressed/terracotta/6x
Refer to the recipe's ResourceLocation to find the mod responsible and let them know!
[01:00:58] [WARN] Error parsing recipe thermal:furnace/allthecompressed/terracotta/3x[thermal:furnace]: {"type":"thermal:furnace","ingredient":{"item":"allthecompressed:clay_block_3x","count":1},"result":{"item":"allthecompressed:terracotta_block_3x"},"energy":720000,"conditions":[{"type":"forge:and","values":[{"type":"forge:not","value":{"type":"forge:mod_loaded","modid":"compressium"}},{"type":"forge:mod_loaded","modid":"thermal"}]}]}: Invalid Thermal Series recipe: thermal:furnace/allthecompressed/terracotta/3x
Refer to the recipe's ResourceLocation to find the mod responsible and let them know!
[01:00:58] [WARN] Error parsing recipe thermal:furnace/allthecompressed/terracotta/4x[thermal:furnace]: {"type":"thermal:furnace","ingredient":{"item":"allthecompressed:clay_block_4x","count":1},"result":{"item":"allthecompressed:terracotta_block_4x"},"energy":960000,"conditions":[{"type":"forge:and","values":[{"type":"forge:not","value":{"type":"forge:mod_loaded","modid":"compressium"}},{"type":"forge:mod_loaded","modid":"thermal"}]}]}: Invalid Thermal Series recipe: thermal:furnace/allthecompressed/terracotta/4x
Refer to the recipe's ResourceLocation to find the mod responsible and let them know!
[01:00:58] [WARN] Error parsing recipe thermal:furnace/allthecompressed/terracotta/9x[thermal:furnace]: {"type":"thermal:furnace","ingredient":{"item":"allthecompressed:clay_block_9x","count":1},"result":{"item":"allthecompressed:terracotta_block_9x"},"energy":2400000,"conditions":[{"type":"forge:and","values":[{"type":"forge:not","value":{"type":"forge:mod_loaded","modid":"compressium"}},{"type":"forge:mod_loaded","modid":"thermal"}]}]}: Invalid Thermal Series recipe: thermal:furnace/allthecompressed/terracotta/9x
Refer to the recipe's ResourceLocation to find the mod responsible and let them know!
[01:00:58] [WARN] Error parsing recipe thermal:furnace/allthecompressed/terracotta/7x[thermal:furnace]: {"type":"thermal:furnace","ingredient":{"item":"allthecompressed:clay_block_7x","count":1},"result":{"item":"allthecompressed:terracotta_block_7x"},"energy":1680000,"conditions":[{"type":"forge:and","values":[{"type":"forge:not","value":{"type":"forge:mod_loaded","modid":"compressium"}},{"type":"forge:mod_loaded","modid":"thermal"}]}]}: Invalid Thermal Series recipe: thermal:furnace/allthecompressed/terracotta/7x
Refer to the recipe's ResourceLocation to find the mod responsible and let them know!
[01:00:58] [WARN] Error parsing recipe thermal:furnace/allthecompressed/terracotta/8x[thermal:furnace]: {"type":"thermal:furnace","ingredient":{"item":"allthecompressed:clay_block_8x","count":1},"result":{"item":"allthecompressed:terracotta_block_8x"},"energy":2160000,"conditions":[{"type":"forge:and","values":[{"type":"forge:not","value":{"type":"forge:mod_loaded","modid":"compressium"}},{"type":"forge:mod_loaded","modid":"thermal"}]}]}: Invalid Thermal Series recipe: thermal:furnace/allthecompressed/terracotta/8x
Refer to the recipe's ResourceLocation to find the mod responsible and let them know!
[01:00:58] [WARN] Error parsing recipe forbidden_arcanus:aurum_chest_boat[minecraft:crafting_shapeless]: {"type":"minecraft:crafting_shapeless","category":"misc","ingredients":[{"item":"forbidden_arcanus:aurum_boat"},{"fabric_value":{"tag":"c:chests"},"forge_value":{"tag":"forge:chests/wooden"}}],"result":{"item":"forbidden_arcanus:aurum_chest_boat"}}: An ingredient entry needs either a tag or an item
[01:00:58] [WARN] Error parsing recipe forbidden_arcanus:edelwood_chest_boat[minecraft:crafting_shapeless]: {"type":"minecraft:crafting_shapeless","category":"misc","ingredients":[{"item":"forbidden_arcanus:edelwood_boat"},{"fabric_value":{"tag":"c:chests"},"forge_value":{"tag":"forge:chests/wooden"}}],"result":{"item":"forbidden_arcanus:edelwood_chest_boat"}}: An ingredient entry needs either a tag or an item
[01:00:58] [INFO] Added 1078 recipes, removed 212 recipes, modified 10 recipes, with 21 failed recipes in 1.291 s
[01:01:05] [INFO] Server resource reload complete!
